[0.016s] Invoking command in '/home/creativecoder/ros2_project/ros2_ws/src/build/robot_controller': /usr/bin/cmake /home/creativecoder/ros2_project/ros2_ws/src/robot_controller -DCMAKE_INSTALL_PREFIX=/home/creativecoder/ros2_project/ros2_ws/src/install/robot_controller
[0.211s] -- The C compiler identification is GNU 11.4.0
[0.487s] -- The CXX compiler identification is GNU 11.4.0
[0.643s] -- Detecting C compiler ABI info
[0.745s] -- Detecting C compiler ABI info - done
[0.751s] -- Check for working C compiler: /usr/bin/cc - skipped
[0.752s] -- Detecting C compile features
[0.753s] -- Detecting C compile features - done
[0.757s] -- Detecting CXX compiler ABI info
[0.857s] -- Detecting CXX compiler ABI info - done
[0.863s] -- Check for working CXX compiler: /usr/bin/c++ - skipped
[0.863s] -- Detecting CXX compile features
[0.864s] -- Detecting CXX compile features - done
[0.876s] -- Found ament_cmake: 1.3.12 (/opt/ros/humble/share/ament_cmake/cmake)
[0.990s] -- Found Python3: /usr/bin/python3 (found version "3.10.12") found components: Interpreter 
[1.086s] -- Found rclcpp: 16.0.17 (/opt/ros/humble/share/rclcpp/cmake)
[1.210s] -- Found rosidl_generator_c: 3.1.8 (/opt/ros/humble/share/rosidl_generator_c/cmake)
[1.216s] -- Found rosidl_adapter: 3.1.8 (/opt/ros/humble/share/rosidl_adapter/cmake)
[1.228s] -- Found rosidl_generator_cpp: 3.1.8 (/opt/ros/humble/share/rosidl_generator_cpp/cmake)
[1.246s] -- Using all available rosidl_typesupport_c: rosidl_typesupport_fastrtps_c;rosidl_typesupport_introspection_c
[1.265s] -- Using all available rosidl_typesupport_cpp: rosidl_typesupport_fastrtps_cpp;rosidl_typesupport_introspection_cpp
[1.337s] -- Found rmw_implementation_cmake: 6.1.2 (/opt/ros/humble/share/rmw_implementation_cmake/cmake)
[1.340s] -- Found rmw_fastrtps_cpp: 6.2.9 (/opt/ros/humble/share/rmw_fastrtps_cpp/cmake)
[1.979s] -- Found OpenSSL: /usr/lib/x86_64-linux-gnu/libcrypto.so (found version "3.0.2")  
[2.578s] -- Found FastRTPS: /opt/ros/humble/include  
[3.640s] -- Using RMW implementation 'rmw_fastrtps_cpp' as default
[3.652s] -- Looking for pthread.h
[3.737s] -- Looking for pthread.h - found
[3.737s] -- Performing Test CMAKE_HAVE_LIBC_PTHREAD
[3.810s] -- Performing Test CMAKE_HAVE_LIBC_PTHREAD - Success
[3.811s] -- Found Threads: TRUE  
[3.868s] -- Found geometry_msgs: 4.9.0 (/opt/ros/humble/share/geometry_msgs/cmake)
[3.882s] -- Found ament_lint_auto: 0.12.14 (/opt/ros/humble/share/ament_lint_auto/cmake)
[3.916s] Error parsing '/home/creativecoder/ros2_project/ros2_ws/src/robot_controller/package.xml':
[3.972s] Traceback (most recent call last):
[3.972s]   File "/usr/lib/python3/dist-packages/catkin_pkg/package.py", line 610, in parse_package_string
[3.973s]     root = dom.parseString(data)
[3.973s]   File "/usr/lib/python3.10/xml/dom/minidom.py", line 2000, in parseString
[3.973s]     return expatbuilder.parseString(string)
[3.973s]   File "/usr/lib/python3.10/xml/dom/expatbuilder.py", line 925, in parseString
[3.974s]     return builder.parseString(string)
[3.974s]   File "/usr/lib/python3.10/xml/dom/expatbuilder.py", line 223, in parseString
[3.974s]     parser.Parse(string, True)
[3.974s] xml.parsers.expat.ExpatError: mismatched tag: line 21, column 2
[3.974s] 
[3.974s] During handling of the above exception, another exception occurred:
[3.974s] 
[3.975s] Traceback (most recent call last):
[3.975s]   File "/opt/ros/humble/share/ament_cmake_core/cmake/core/package_xml_2_cmake.py", line 150, in <module>
[3.975s]     main()
[3.975s]   File "/opt/ros/humble/share/ament_cmake_core/cmake/core/package_xml_2_cmake.py", line 53, in main
[3.975s]     raise e
[3.975s]   File "/opt/ros/humble/share/ament_cmake_core/cmake/core/package_xml_2_cmake.py", line 49, in main
[3.975s]     package = parse_package_string(
[3.975s]   File "/usr/lib/python3/dist-packages/catkin_pkg/package.py", line 612, in parse_package_string
[3.975s]     raise InvalidPackage('The manifest contains invalid XML:\n%s' % ex, filename)
[3.975s] catkin_pkg.package.InvalidPackage: Error(s) in package '/home/creativecoder/ros2_project/ros2_ws/src/robot_controller/package.xml':
[3.975s] The manifest contains invalid XML:
[3.975s] mismatched tag: line 21, column 2
[3.989s] [31mCMake Error at /opt/ros/humble/share/ament_cmake_core/cmake/core/ament_package_xml.cmake:95 (message):
[3.989s]   execute_process(/usr/bin/python3
[3.990s]   /opt/ros/humble/share/ament_cmake_core/cmake/core/package_xml_2_cmake.py
[3.990s]   /home/creativecoder/ros2_project/ros2_ws/src/robot_controller/package.xml
[3.990s]   /home/creativecoder/ros2_project/ros2_ws/src/build/robot_controller/ament_cmake_core/package.cmake)
[3.990s]   returned error code 1
[3.990s] Call Stack (most recent call first):
[3.990s]   /opt/ros/humble/share/ament_cmake_core/cmake/core/ament_package_xml.cmake:49 (_ament_package_xml)
[3.990s]   /opt/ros/humble/share/ament_lint_auto/cmake/ament_lint_auto_find_test_dependencies.cmake:31 (ament_package_xml)
[3.990s]   CMakeLists.txt:22 (ament_lint_auto_find_test_dependencies)
[3.990s] 
[3.990s] [0m
[3.990s] -- Configuring incomplete, errors occurred!
[3.990s] See also "/home/creativecoder/ros2_project/ros2_ws/src/build/robot_controller/CMakeFiles/CMakeOutput.log".
[3.997s] Invoked command in '/home/creativecoder/ros2_project/ros2_ws/src/build/robot_controller' returned '1': /usr/bin/cmake /home/creativecoder/ros2_project/ros2_ws/src/robot_controller -DCMAKE_INSTALL_PREFIX=/home/creativecoder/ros2_project/ros2_ws/src/install/robot_controller
